// Jest Snapshot v1, https://goo.gl/fbAQLP

exports[`Dashboard Page Snapshot Test matches the snapshot of multiple cards 1`] = `
<DocumentFragment>
  <div
    class="h-full w-full overflow-auto"
  >
    <div
      class="mt-5 ml-5"
    >
      <h1
        class="text-3xl font-bold"
      >
        Welcome, Admin
      </h1>
      <p
        class="fieldNames"
      >
        Start day with managing new appointments
      </p>
    </div>
    <div
      class="grid grid-cols-3 mt-5 ml-5"
    >
      <div
        class="flex flex-col relative overflow-hidden h-auto text-foreground box-border bg-content1 outline-none data-[focus-visible=true]:z-10 data-[focus-visible=true]:outline-2 data-[focus-visible=true]:outline-focus data-[focus-visible=true]:outline-offset-2 shadow-medium rounded-large transition-transform-background motion-reduce:transition-none max-w-[400px] bg-gradient-to-r from-gray-900 to-gray-950"
        tabindex="-1"
      >
        <div
          class="p-3 z-10 w-full justify-start items-center shrink-0 overflow-inherit color-inherit subpixel-antialiased rounded-t-large flex gap-3"
        >
          <div
            class="shadow-black/5 shadow-none group relative overflow-hidden bg-content3 dark:bg-content2 before:opacity-100 before:absolute before:inset-0 before:-translate-x-full before:animate-[shimmer_2s_infinite] before:border-t before:border-content4/30 before:bg-gradient-to-r before:from-transparent before:via-content4 dark:before:via-default-700/10 before:to-transparent after:opacity-100 after:absolute after:inset-0 after:-z-10 after:bg-content3 dark:after:bg-content2 rounded-small"
            style="max-width: 40px;"
          >
             
            <img
              alt="nextui logo"
              class="relative z-10 shadow-black/5 data-[loaded=true]:opacity-100 shadow-none opacity-0 transition-transform-opacity motion-reduce:transition-none !duration-300 rounded-small"
              height="40"
              src="/scheduled.svg"
              style="height: 40px;"
              width="40"
            />
          </div>
          <div
            class="flex flex-col"
          >
            <p
              class="text-3xl font-bold"
            >
              94
            </p>
          </div>
        </div>
        <hr
          class="shrink-0 bg-divider border-none w-full h-divider"
          role="separator"
        />
        <div
          class="relative flex w-full p-3 flex-auto flex-col place-content-inherit align-items-inherit h-auto break-words text-left overflow-y-auto subpixel-antialiased"
        >
          <p
            class="text-sm"
          >
            Total number of scheduled appointments
          </p>
        </div>
      </div>
      <div
        class="flex flex-col relative overflow-hidden h-auto text-foreground box-border bg-content1 outline-none data-[focus-visible=true]:z-10 data-[focus-visible=true]:outline-2 data-[focus-visible=true]:outline-focus data-[focus-visible=true]:outline-offset-2 shadow-medium rounded-large transition-transform-background motion-reduce:transition-none max-w-[400px] bg-gradient-to-r from-gray-900 to-gray-950"
        tabindex="-1"
      >
        <div
          class="p-3 z-10 w-full justify-start items-center shrink-0 overflow-inherit color-inherit subpixel-antialiased rounded-t-large flex gap-3"
        >
          <div
            class="shadow-black/5 shadow-none group relative overflow-hidden bg-content3 dark:bg-content2 before:opacity-100 before:absolute before:inset-0 before:-translate-x-full before:animate-[shimmer_2s_infinite] before:border-t before:border-content4/30 before:bg-gradient-to-r before:from-transparent before:via-content4 dark:before:via-default-700/10 before:to-transparent after:opacity-100 after:absolute after:inset-0 after:-z-10 after:bg-content3 dark:after:bg-content2 rounded-small"
            style="max-width: 40px;"
          >
             
            <img
              alt="nextui logo"
              class="relative z-10 shadow-black/5 data-[loaded=true]:opacity-100 shadow-none opacity-0 transition-transform-opacity motion-reduce:transition-none !duration-300 rounded-small"
              height="40"
              src="/pending.svg"
              style="height: 40px;"
              width="40"
            />
          </div>
          <div
            class="flex flex-col"
          >
            <p
              class="text-3xl font-bold"
            >
              32
            </p>
          </div>
        </div>
        <hr
          class="shrink-0 bg-divider border-none w-full h-divider"
          role="separator"
        />
        <div
          class="relative flex w-full p-3 flex-auto flex-col place-content-inherit align-items-inherit h-auto break-words text-left overflow-y-auto subpixel-antialiased"
        >
          <p
            class="text-sm"
          >
            Total number of pending appointments
          </p>
        </div>
      </div>
      <div
        class="flex flex-col relative overflow-hidden h-auto text-foreground box-border bg-content1 outline-none data-[focus-visible=true]:z-10 data-[focus-visible=true]:outline-2 data-[focus-visible=true]:outline-focus data-[focus-visible=true]:outline-offset-2 shadow-medium rounded-large transition-transform-background motion-reduce:transition-none max-w-[400px] bg-gradient-to-r from-gray-900 to-gray-950"
        tabindex="-1"
      >
        <div
          class="p-3 z-10 w-full justify-start items-center shrink-0 overflow-inherit color-inherit subpixel-antialiased rounded-t-large flex gap-3"
        >
          <div
            class="shadow-black/5 shadow-none group relative overflow-hidden bg-content3 dark:bg-content2 before:opacity-100 before:absolute before:inset-0 before:-translate-x-full before:animate-[shimmer_2s_infinite] before:border-t before:border-content4/30 before:bg-gradient-to-r before:from-transparent before:via-content4 dark:before:via-default-700/10 before:to-transparent after:opacity-100 after:absolute after:inset-0 after:-z-10 after:bg-content3 dark:after:bg-content2 rounded-small"
            style="max-width: 40px;"
          >
             
            <img
              alt="nextui logo"
              class="relative z-10 shadow-black/5 data-[loaded=true]:opacity-100 shadow-none opacity-0 transition-transform-opacity motion-reduce:transition-none !duration-300 rounded-small"
              height="40"
              src="/canceled.svg"
              style="height: 40px;"
              width="40"
            />
          </div>
          <div
            class="flex flex-col"
          >
            <p
              class="text-3xl font-bold"
            >
              56
            </p>
          </div>
        </div>
        <hr
          class="shrink-0 bg-divider border-none w-full h-divider"
          role="separator"
        />
        <div
          class="relative flex w-full p-3 flex-auto flex-col place-content-inherit align-items-inherit h-auto break-words text-left overflow-y-auto subpixel-antialiased"
        >
          <p
            class="text-sm"
          >
            Total number of cancelled appointments
          </p>
        </div>
      </div>
    </div>
    <div
      class="h-full w-full flex justify-center mt-10"
    >
      <div
        class="flex flex-col relative gap-4 customTableContainer w-3/4 pt-5"
      >
        <div
          class="p-4 z-0 flex flex-col relative justify-between gap-4 bg-content1 overflow-auto rounded-large shadow-small w-full"
        >
          <table
            aria-describedby=""
            aria-label="Example static collection table"
            class="min-w-full h-auto table-auto w-full"
            id="react-aria-:r0:"
            role="grid"
            tabindex="0"
          >
            <thead
              class="[&>tr]:first:rounded-lg"
              role="rowgroup"
            >
              <tr
                class="group outline-none data-[focus-visible=true]:z-10 data-[focus-visible=true]:outline-2 data-[focus-visible=true]:outline-focus data-[focus-visible=true]:outline-offset-2"
                role="row"
              >
                <th
                  class="group px-3 h-10 align-middle bg-default-100 whitespace-nowrap text-foreground-500 text-tiny font-semibold first:rounded-l-lg rtl:first:rounded-r-lg rtl:first:rounded-l-[unset] last:rounded-r-lg rtl:last:rounded-l-lg rtl:last:rounded-r-[unset] data-[sortable=true]:cursor-pointer data-[hover=true]:text-foreground-400 outline-none data-[focus-visible=true]:z-10 data-[focus-visible=true]:outline-2 data-[focus-visible=true]:outline-focus data-[focus-visible=true]:outline-offset-2 text-start"
                  data-key="$.0"
                  id="react-aria-:r0:-$.0"
                  role="columnheader"
                  tabindex="-1"
                >
                  Patient
                </th>
                <th
                  class="group px-3 h-10 align-middle bg-default-100 whitespace-nowrap text-foreground-500 text-tiny font-semibold first:rounded-l-lg rtl:first:rounded-r-lg rtl:first:rounded-l-[unset] last:rounded-r-lg rtl:last:rounded-l-lg rtl:last:rounded-r-[unset] data-[sortable=true]:cursor-pointer data-[hover=true]:text-foreground-400 outline-none data-[focus-visible=true]:z-10 data-[focus-visible=true]:outline-2 data-[focus-visible=true]:outline-focus data-[focus-visible=true]:outline-offset-2 text-start"
                  data-key="$.1"
                  id="react-aria-:r0:-$.1"
                  role="columnheader"
                  tabindex="-1"
                >
                  Date
                </th>
                <th
                  class="group px-3 h-10 align-middle bg-default-100 whitespace-nowrap text-foreground-500 text-tiny font-semibold first:rounded-l-lg rtl:first:rounded-r-lg rtl:first:rounded-l-[unset] last:rounded-r-lg rtl:last:rounded-l-lg rtl:last:rounded-r-[unset] data-[sortable=true]:cursor-pointer data-[hover=true]:text-foreground-400 outline-none data-[focus-visible=true]:z-10 data-[focus-visible=true]:outline-2 data-[focus-visible=true]:outline-focus data-[focus-visible=true]:outline-offset-2 text-start"
                  data-key="$.2"
                  id="react-aria-:r0:-$.2"
                  role="columnheader"
                  tabindex="-1"
                >
                  Status
                </th>
                <th
                  class="group px-3 h-10 align-middle bg-default-100 whitespace-nowrap text-foreground-500 text-tiny font-semibold first:rounded-l-lg rtl:first:rounded-r-lg rtl:first:rounded-l-[unset] last:rounded-r-lg rtl:last:rounded-l-lg rtl:last:rounded-r-[unset] data-[sortable=true]:cursor-pointer data-[hover=true]:text-foreground-400 outline-none data-[focus-visible=true]:z-10 data-[focus-visible=true]:outline-2 data-[focus-visible=true]:outline-focus data-[focus-visible=true]:outline-offset-2 text-start"
                  data-key="$.3"
                  id="react-aria-:r0:-$.3"
                  role="columnheader"
                  tabindex="-1"
                >
                  Doctor
                </th>
                <th
                  class="group px-3 h-10 align-middle bg-default-100 whitespace-nowrap text-foreground-500 text-tiny font-semibold first:rounded-l-lg rtl:first:rounded-r-lg rtl:first:rounded-l-[unset] last:rounded-r-lg rtl:last:rounded-l-lg rtl:last:rounded-r-[unset] data-[sortable=true]:cursor-pointer data-[hover=true]:text-foreground-400 outline-none data-[focus-visible=true]:z-10 data-[focus-visible=true]:outline-2 data-[focus-visible=true]:outline-focus data-[focus-visible=true]:outline-offset-2 text-start"
                  data-key="$.4"
                  id="react-aria-:r0:-$.4"
                  role="columnheader"
                  tabindex="-1"
                >
                  Actions
                </th>
              </tr>
              <tr
                aria-hidden="true"
                class="w-px h-px block"
                style="margin-left: 0.25rem; margin-top: 0.25rem;"
                tabindex="-1"
              />
            </thead>
            <tbody
              role="rowgroup"
            >
              <tr
                aria-labelledby="react-aria-:r0:-Tony-$.0"
                class="group outline-none data-[focus-visible=true]:z-10 data-[focus-visible=true]:outline-2 data-[focus-visible=true]:outline-focus data-[focus-visible=true]:outline-offset-2"
                data-first="true"
                data-key="Tony"
                role="row"
                tabindex="-1"
              >
                <td
                  class="py-2 px-3 relative align-middle whitespace-normal text-small font-normal [&>*]:z-1 [&>*]:relative outline-none data-[focus-visible=true]:z-10 data-[focus-visible=true]:outline-2 data-[focus-visible=true]:outline-focus data-[focus-visible=true]:outline-offset-2 before:content-[''] before:absolute before:z-0 before:inset-0 before:opacity-0 data-[selected=true]:before:opacity-100 group-data-[disabled=true]:text-foreground-300 group-data-[disabled=true]:cursor-not-allowed before:bg-default/60 data-[selected=true]:text-default-foreground group-data-[odd=true]:before:bg-default-100 group-data-[odd=true]:before:opacity-100 group-data-[odd=true]:before:-z-10 first:before:rounded-l-lg rtl:first:before:rounded-r-lg rtl:first:before:rounded-l-[unset] last:before:rounded-r-lg rtl:last:before:rounded-l-lg rtl:last:before:rounded-r-[unset] text-start group-data-[odd=true]:data-[selected=true]:before:bg-default/60"
                  data-key="Tony.0"
                  id="react-aria-:r0:-Tony-$.0"
                  role="rowheader"
                  tabindex="-1"
                >
                  <span>
                    Tony
                  </span>
                </td>
                <td
                  class="py-2 px-3 relative align-middle whitespace-normal text-small font-normal [&>*]:z-1 [&>*]:relative outline-none data-[focus-visible=true]:z-10 data-[focus-visible=true]:outline-2 data-[focus-visible=true]:outline-focus data-[focus-visible=true]:outline-offset-2 before:content-[''] before:absolute before:z-0 before:inset-0 before:opacity-0 data-[selected=true]:before:opacity-100 group-data-[disabled=true]:text-foreground-300 group-data-[disabled=true]:cursor-not-allowed before:bg-default/60 data-[selected=true]:text-default-foreground group-data-[odd=true]:before:bg-default-100 group-data-[odd=true]:before:opacity-100 group-data-[odd=true]:before:-z-10 first:before:rounded-l-lg rtl:first:before:rounded-r-lg rtl:first:before:rounded-l-[unset] last:before:rounded-r-lg rtl:last:before:rounded-l-lg rtl:last:before:rounded-r-[unset] text-start group-data-[odd=true]:data-[selected=true]:before:bg-default/60"
                  data-key="Tony.1"
                  role="gridcell"
                  tabindex="-1"
                >
                  <span>
                    Jan 21, 2024
                  </span>
                </td>
                <td
                  class="py-2 px-3 relative align-middle whitespace-normal text-small font-normal [&>*]:z-1 [&>*]:relative outline-none data-[focus-visible=true]:z-10 data-[focus-visible=true]:outline-2 data-[focus-visible=true]:outline-focus data-[focus-visible=true]:outline-offset-2 before:content-[''] before:absolute before:z-0 before:inset-0 before:opacity-0 data-[selected=true]:before:opacity-100 group-data-[disabled=true]:text-foreground-300 group-data-[disabled=true]:cursor-not-allowed before:bg-default/60 data-[selected=true]:text-default-foreground group-data-[odd=true]:before:bg-default-100 group-data-[odd=true]:before:opacity-100 group-data-[odd=true]:before:-z-10 first:before:rounded-l-lg rtl:first:before:rounded-r-lg rtl:first:before:rounded-l-[unset] last:before:rounded-r-lg rtl:last:before:rounded-l-lg rtl:last:before:rounded-r-[unset] text-start group-data-[odd=true]:data-[selected=true]:before:bg-default/60"
                  data-key="Tony.2"
                  role="gridcell"
                  tabindex="-1"
                >
                  <div
                    class="relative max-w-fit min-w-min inline-flex items-center justify-between box-border whitespace-nowrap px-1 h-7 rounded-full bg-success/20 text-success-600 dark:text-success text-xs"
                  >
                    <svg
                      class="max-h-[80%]"
                      fill="currentColor"
                      height="1em"
                      stroke="currentColor"
                      stroke-width="0"
                      viewBox="0 0 512 512"
                      width="1em"
                      xmlns="http://www.w3.org/2000/svg"
                    >
                      <path
                        d="M173.898 439.404l-166.4-166.4c-9.997-9.997-9.997-26.206 0-36.204l36.203-36.204c9.997-9.998 26.207-9.998 36.204 0L192 312.69 432.095 72.596c9.997-9.997 26.207-9.997 36.204 0l36.203 36.204c9.997 9.997 9.997 26.206 0 36.204l-294.4 294.401c-9.998 9.997-26.207 9.997-36.204-.001z"
                      />
                    </svg>
                    <span
                      class="flex-1 text-inherit font-normal px-2 pl-1"
                    >
                      scheduled
                    </span>
                  </div>
                </td>
                <td
                  class="py-2 px-3 relative align-middle whitespace-normal text-small font-normal [&>*]:z-1 [&>*]:relative outline-none data-[focus-visible=true]:z-10 data-[focus-visible=true]:outline-2 data-[focus-visible=true]:outline-focus data-[focus-visible=true]:outline-offset-2 before:content-[''] before:absolute before:z-0 before:inset-0 before:opacity-0 data-[selected=true]:before:opacity-100 group-data-[disabled=true]:text-foreground-300 group-data-[disabled=true]:cursor-not-allowed before:bg-default/60 data-[selected=true]:text-default-foreground group-data-[odd=true]:before:bg-default-100 group-data-[odd=true]:before:opacity-100 group-data-[odd=true]:before:-z-10 first:before:rounded-l-lg rtl:first:before:rounded-r-lg rtl:first:before:rounded-l-[unset] last:before:rounded-r-lg rtl:last:before:rounded-l-lg rtl:last:before:rounded-r-[unset] text-start group-data-[odd=true]:data-[selected=true]:before:bg-default/60 flex gap-2"
                  data-key="Tony.3"
                  role="gridcell"
                  tabindex="-1"
                >
                  <span
                    class="flex relative justify-center items-center box-border overflow-hidden align-middle z-0 outline-none data-[focus-visible=true]:z-10 data-[focus-visible=true]:outline-2 data-[focus-visible=true]:outline-focus data-[focus-visible=true]:outline-offset-2 w-10 h-10 text-tiny bg-default text-default-foreground rounded-full"
                    tabindex="-1"
                  >
                    <img
                      alt="avatar"
                      class="flex object-cover w-full h-full transition-opacity !duration-500 opacity-0 data-[loaded=true]:opacity-100"
                      src="/doc.jpeg"
                    />
                  </span>
                  <div
                    class="flex items-center"
                  >
                    <p>
                      Dr Mosh
                    </p>
                  </div>
                </td>
                <td
                  class="py-2 px-3 relative align-middle whitespace-normal text-small font-normal [&>*]:z-1 [&>*]:relative outline-none data-[focus-visible=true]:z-10 data-[focus-visible=true]:outline-2 data-[focus-visible=true]:outline-focus data-[focus-visible=true]:outline-offset-2 before:content-[''] before:absolute before:z-0 before:inset-0 before:opacity-0 data-[selected=true]:before:opacity-100 group-data-[disabled=true]:text-foreground-300 group-data-[disabled=true]:cursor-not-allowed before:bg-default/60 data-[selected=true]:text-default-foreground group-data-[odd=true]:before:bg-default-100 group-data-[odd=true]:before:opacity-100 group-data-[odd=true]:before:-z-10 first:before:rounded-l-lg rtl:first:before:rounded-r-lg rtl:first:before:rounded-l-[unset] last:before:rounded-r-lg rtl:last:before:rounded-l-lg rtl:last:before:rounded-r-[unset] text-start group-data-[odd=true]:data-[selected=true]:before:bg-default/60"
                  data-key="Tony.4"
                  role="gridcell"
                  tabindex="-1"
                >
                  <a
                    class="relative inline-flex items-center tap-highlight-transparent outline-none data-[focus-visible=true]:z-10 data-[focus-visible=true]:outline-2 data-[focus-visible=true]:outline-focus data-[focus-visible=true]:outline-offset-2 no-underline hover:opacity-80 active:opacity-disabled transition-opacity text-sky-500 text-sm pr-2"
                    role="link"
                    tabindex="0"
                  >
                    Schedule
                  </a>
                  <a
                    class="relative inline-flex items-center tap-highlight-transparent outline-none data-[focus-visible=true]:z-10 data-[focus-visible=true]:outline-2 data-[focus-visible=true]:outline-focus data-[focus-visible=true]:outline-offset-2 no-underline hover:opacity-80 active:opacity-disabled transition-opacity text-gray-600 text-sm"
                    role="link"
                    tabindex="0"
                  >
                    Cancel
                  </a>
                </td>
              </tr>
              <tr
                aria-labelledby="react-aria-:r0:-Mark-$.0"
                class="group outline-none data-[focus-visible=true]:z-10 data-[focus-visible=true]:outline-2 data-[focus-visible=true]:outline-focus data-[focus-visible=true]:outline-offset-2"
                data-key="Mark"
                data-middle="true"
                data-odd="true"
                role="row"
                tabindex="-1"
              >
                <td
                  class="py-2 px-3 relative align-middle whitespace-normal text-small font-normal [&>*]:z-1 [&>*]:relative outline-none data-[focus-visible=true]:z-10 data-[focus-visible=true]:outline-2 data-[focus-visible=true]:outline-focus data-[focus-visible=true]:outline-offset-2 before:content-[''] before:absolute before:z-0 before:inset-0 before:opacity-0 data-[selected=true]:before:opacity-100 group-data-[disabled=true]:text-foreground-300 group-data-[disabled=true]:cursor-not-allowed before:bg-default/60 data-[selected=true]:text-default-foreground group-data-[odd=true]:before:bg-default-100 group-data-[odd=true]:before:opacity-100 group-data-[odd=true]:before:-z-10 first:before:rounded-l-lg rtl:first:before:rounded-r-lg rtl:first:before:rounded-l-[unset] last:before:rounded-r-lg rtl:last:before:rounded-l-lg rtl:last:before:rounded-r-[unset] text-start group-data-[odd=true]:data-[selected=true]:before:bg-default/60"
                  data-key="Mark.0"
                  id="react-aria-:r0:-Mark-$.0"
                  role="rowheader"
                  tabindex="-1"
                >
                  <span>
                    Mark
                  </span>
                </td>
                <td
                  class="py-2 px-3 relative align-middle whitespace-normal text-small font-normal [&>*]:z-1 [&>*]:relative outline-none data-[focus-visible=true]:z-10 data-[focus-visible=true]:outline-2 data-[focus-visible=true]:outline-focus data-[focus-visible=true]:outline-offset-2 before:content-[''] before:absolute before:z-0 before:inset-0 before:opacity-0 data-[selected=true]:before:opacity-100 group-data-[disabled=true]:text-foreground-300 group-data-[disabled=true]:cursor-not-allowed before:bg-default/60 data-[selected=true]:text-default-foreground group-data-[odd=true]:before:bg-default-100 group-data-[odd=true]:before:opacity-100 group-data-[odd=true]:before:-z-10 first:before:rounded-l-lg rtl:first:before:rounded-r-lg rtl:first:before:rounded-l-[unset] last:before:rounded-r-lg rtl:last:before:rounded-l-lg rtl:last:before:rounded-r-[unset] text-start group-data-[odd=true]:data-[selected=true]:before:bg-default/60"
                  data-key="Mark.1"
                  role="gridcell"
                  tabindex="-1"
                >
                  <span>
                    Jan 22, 2024
                  </span>
                </td>
                <td
                  class="py-2 px-3 relative align-middle whitespace-normal text-small font-normal [&>*]:z-1 [&>*]:relative outline-none data-[focus-visible=true]:z-10 data-[focus-visible=true]:outline-2 data-[focus-visible=true]:outline-focus data-[focus-visible=true]:outline-offset-2 before:content-[''] before:absolute before:z-0 before:inset-0 before:opacity-0 data-[selected=true]:before:opacity-100 group-data-[disabled=true]:text-foreground-300 group-data-[disabled=true]:cursor-not-allowed before:bg-default/60 data-[selected=true]:text-default-foreground group-data-[odd=true]:before:bg-default-100 group-data-[odd=true]:before:opacity-100 group-data-[odd=true]:before:-z-10 first:before:rounded-l-lg rtl:first:before:rounded-r-lg rtl:first:before:rounded-l-[unset] last:before:rounded-r-lg rtl:last:before:rounded-l-lg rtl:last:before:rounded-r-[unset] text-start group-data-[odd=true]:data-[selected=true]:before:bg-default/60"
                  data-key="Mark.2"
                  role="gridcell"
                  tabindex="-1"
                >
                  <div
                    class="relative max-w-fit min-w-min inline-flex items-center justify-between box-border whitespace-nowrap px-1 h-7 rounded-full bg-warning/20 text-warning-600 dark:text-warning text-xs"
                  >
                    <svg
                      class="max-h-[80%]"
                      fill="currentColor"
                      height="1em"
                      stroke="currentColor"
                      stroke-width="0"
                      viewBox="0 0 384 512"
                      width="1em"
                      xmlns="http://www.w3.org/2000/svg"
                    >
                      <path
                        d="M24 0C10.7 0 0 10.7 0 24S10.7 48 24 48h8V67c0 40.3 16 79 44.5 107.5L158.1 256 76.5 337.5C48 366 32 404.7 32 445v19H24c-13.3 0-24 10.7-24 24s10.7 24 24 24H360c13.3 0 24-10.7 24-24s-10.7-24-24-24h-8V445c0-40.3-16-79-44.5-107.5L225.9 256l81.5-81.5C336 146 352 107.3 352 67V48h8c13.3 0 24-10.7 24-24s-10.7-24-24-24H24zM192 289.9l81.5 81.5C293 391 304 417.4 304 445v19H80V445c0-27.6 11-54 30.5-73.5L192 289.9zm0-67.9l-81.5-81.5C91 121 80 94.6 80 67V48H304V67c0 27.6-11 54-30.5 73.5L192 222.1z"
                      />
                    </svg>
                    <span
                      class="flex-1 text-inherit font-normal px-2 pl-1"
                    >
                      pending
                    </span>
                  </div>
                </td>
                <td
                  class="py-2 px-3 relative align-middle whitespace-normal text-small font-normal [&>*]:z-1 [&>*]:relative outline-none data-[focus-visible=true]:z-10 data-[focus-visible=true]:outline-2 data-[focus-visible=true]:outline-focus data-[focus-visible=true]:outline-offset-2 before:content-[''] before:absolute before:z-0 before:inset-0 before:opacity-0 data-[selected=true]:before:opacity-100 group-data-[disabled=true]:text-foreground-300 group-data-[disabled=true]:cursor-not-allowed before:bg-default/60 data-[selected=true]:text-default-foreground group-data-[odd=true]:before:bg-default-100 group-data-[odd=true]:before:opacity-100 group-data-[odd=true]:before:-z-10 first:before:rounded-l-lg rtl:first:before:rounded-r-lg rtl:first:before:rounded-l-[unset] last:before:rounded-r-lg rtl:last:before:rounded-l-lg rtl:last:before:rounded-r-[unset] text-start group-data-[odd=true]:data-[selected=true]:before:bg-default/60 flex gap-2"
                  data-key="Mark.3"
                  role="gridcell"
                  tabindex="-1"
                >
                  <span
                    class="flex relative justify-center items-center box-border overflow-hidden align-middle z-0 outline-none data-[focus-visible=true]:z-10 data-[focus-visible=true]:outline-2 data-[focus-visible=true]:outline-focus data-[focus-visible=true]:outline-offset-2 w-10 h-10 text-tiny bg-default text-default-foreground rounded-full"
                    tabindex="-1"
                  >
                    <img
                      alt="avatar"
                      class="flex object-cover w-full h-full transition-opacity !duration-500 opacity-0 data-[loaded=true]:opacity-100"
                      src="/doctor.jpg"
                    />
                  </span>
                  <div
                    class="flex items-center"
                  >
                    <p>
                      Dr Sara
                    </p>
                  </div>
                </td>
                <td
                  class="py-2 px-3 relative align-middle whitespace-normal text-small font-normal [&>*]:z-1 [&>*]:relative outline-none data-[focus-visible=true]:z-10 data-[focus-visible=true]:outline-2 data-[focus-visible=true]:outline-focus data-[focus-visible=true]:outline-offset-2 before:content-[''] before:absolute before:z-0 before:inset-0 before:opacity-0 data-[selected=true]:before:opacity-100 group-data-[disabled=true]:text-foreground-300 group-data-[disabled=true]:cursor-not-allowed before:bg-default/60 data-[selected=true]:text-default-foreground group-data-[odd=true]:before:bg-default-100 group-data-[odd=true]:before:opacity-100 group-data-[odd=true]:before:-z-10 first:before:rounded-l-lg rtl:first:before:rounded-r-lg rtl:first:before:rounded-l-[unset] last:before:rounded-r-lg rtl:last:before:rounded-l-lg rtl:last:before:rounded-r-[unset] text-start group-data-[odd=true]:data-[selected=true]:before:bg-default/60"
                  data-key="Mark.4"
                  role="gridcell"
                  tabindex="-1"
                >
                  <a
                    class="relative inline-flex items-center tap-highlight-transparent outline-none data-[focus-visible=true]:z-10 data-[focus-visible=true]:outline-2 data-[focus-visible=true]:outline-focus data-[focus-visible=true]:outline-offset-2 no-underline hover:opacity-80 active:opacity-disabled transition-opacity text-sky-500 text-sm pr-2"
                    role="link"
                    tabindex="0"
                  >
                    Schedule
                  </a>
                  <a
                    class="relative inline-flex items-center tap-highlight-transparent outline-none data-[focus-visible=true]:z-10 data-[focus-visible=true]:outline-2 data-[focus-visible=true]:outline-focus data-[focus-visible=true]:outline-offset-2 no-underline hover:opacity-80 active:opacity-disabled transition-opacity text-gray-600 text-sm"
                    role="link"
                    tabindex="0"
                  >
                    Cancel
                  </a>
                </td>
              </tr>
              <tr
                aria-labelledby="react-aria-:r0:-Tim-$.0"
                class="group outline-none data-[focus-visible=true]:z-10 data-[focus-visible=true]:outline-2 data-[focus-visible=true]:outline-focus data-[focus-visible=true]:outline-offset-2"
                data-key="Tim"
                data-middle="true"
                role="row"
                tabindex="-1"
              >
                <td
                  class="py-2 px-3 relative align-middle whitespace-normal text-small font-normal [&>*]:z-1 [&>*]:relative outline-none data-[focus-visible=true]:z-10 data-[focus-visible=true]:outline-2 data-[focus-visible=true]:outline-focus data-[focus-visible=true]:outline-offset-2 before:content-[''] before:absolute before:z-0 before:inset-0 before:opacity-0 data-[selected=true]:before:opacity-100 group-data-[disabled=true]:text-foreground-300 group-data-[disabled=true]:cursor-not-allowed before:bg-default/60 data-[selected=true]:text-default-foreground group-data-[odd=true]:before:bg-default-100 group-data-[odd=true]:before:opacity-100 group-data-[odd=true]:before:-z-10 first:before:rounded-l-lg rtl:first:before:rounded-r-lg rtl:first:before:rounded-l-[unset] last:before:rounded-r-lg rtl:last:before:rounded-l-lg rtl:last:before:rounded-r-[unset] text-start group-data-[odd=true]:data-[selected=true]:before:bg-default/60"
                  data-key="Tim.0"
                  id="react-aria-:r0:-Tim-$.0"
                  role="rowheader"
                  tabindex="-1"
                >
                  <span>
                    Tim
                  </span>
                </td>
                <td
                  class="py-2 px-3 relative align-middle whitespace-normal text-small font-normal [&>*]:z-1 [&>*]:relative outline-none data-[focus-visible=true]:z-10 data-[focus-visible=true]:outline-2 data-[focus-visible=true]:outline-focus data-[focus-visible=true]:outline-offset-2 before:content-[''] before:absolute before:z-0 before:inset-0 before:opacity-0 data-[selected=true]:before:opacity-100 group-data-[disabled=true]:text-foreground-300 group-data-[disabled=true]:cursor-not-allowed before:bg-default/60 data-[selected=true]:text-default-foreground group-data-[odd=true]:before:bg-default-100 group-data-[odd=true]:before:opacity-100 group-data-[odd=true]:before:-z-10 first:before:rounded-l-lg rtl:first:before:rounded-r-lg rtl:first:before:rounded-l-[unset] last:before:rounded-r-lg rtl:last:before:rounded-l-lg rtl:last:before:rounded-r-[unset] text-start group-data-[odd=true]:data-[selected=true]:before:bg-default/60"
                  data-key="Tim.1"
                  role="gridcell"
                  tabindex="-1"
                >
                  <span>
                    Jan 23, 2024
                  </span>
                </td>
                <td
                  class="py-2 px-3 relative align-middle whitespace-normal text-small font-normal [&>*]:z-1 [&>*]:relative outline-none data-[focus-visible=true]:z-10 data-[focus-visible=true]:outline-2 data-[focus-visible=true]:outline-focus data-[focus-visible=true]:outline-offset-2 before:content-[''] before:absolute before:z-0 before:inset-0 before:opacity-0 data-[selected=true]:before:opacity-100 group-data-[disabled=true]:text-foreground-300 group-data-[disabled=true]:cursor-not-allowed before:bg-default/60 data-[selected=true]:text-default-foreground group-data-[odd=true]:before:bg-default-100 group-data-[odd=true]:before:opacity-100 group-data-[odd=true]:before:-z-10 first:before:rounded-l-lg rtl:first:before:rounded-r-lg rtl:first:before:rounded-l-[unset] last:before:rounded-r-lg rtl:last:before:rounded-l-lg rtl:last:before:rounded-r-[unset] text-start group-data-[odd=true]:data-[selected=true]:before:bg-default/60"
                  data-key="Tim.2"
                  role="gridcell"
                  tabindex="-1"
                >
                  <div
                    class="relative max-w-fit min-w-min inline-flex items-center justify-between box-border whitespace-nowrap px-1 h-7 rounded-full bg-danger/20 text-danger dark:text-danger-500 text-xs"
                  >
                    <svg
                      class="max-h-[80%]"
                      fill="none"
                      height="1em"
                      stroke="currentColor"
                      stroke-width="0"
                      viewBox="0 0 15 15"
                      width="1em"
                      xmlns="http://www.w3.org/2000/svg"
                    >
                      <path
                        clip-rule="evenodd"
                        d="M11.7816 4.03157C12.0062 3.80702 12.0062 3.44295 11.7816 3.2184C11.5571 2.99385 11.193 2.99385 10.9685 3.2184L7.50005 6.68682L4.03164 3.2184C3.80708 2.99385 3.44301 2.99385 3.21846 3.2184C2.99391 3.44295 2.99391 3.80702 3.21846 4.03157L6.68688 7.49999L3.21846 10.9684C2.99391 11.193 2.99391 11.557 3.21846 11.7816C3.44301 12.0061 3.80708 12.0061 4.03164 11.7816L7.50005 8.31316L10.9685 11.7816C11.193 12.0061 11.5571 12.0061 11.7816 11.7816C12.0062 11.557 12.0062 11.193 11.7816 10.9684L8.31322 7.49999L11.7816 4.03157Z"
                        fill="currentColor"
                        fill-rule="evenodd"
                      />
                    </svg>
                    <span
                      class="flex-1 text-inherit font-normal px-2 pl-1"
                    >
                      canceled
                    </span>
                  </div>
                </td>
                <td
                  class="py-2 px-3 relative align-middle whitespace-normal text-small font-normal [&>*]:z-1 [&>*]:relative outline-none data-[focus-visible=true]:z-10 data-[focus-visible=true]:outline-2 data-[focus-visible=true]:outline-focus data-[focus-visible=true]:outline-offset-2 before:content-[''] before:absolute before:z-0 before:inset-0 before:opacity-0 data-[selected=true]:before:opacity-100 group-data-[disabled=true]:text-foreground-300 group-data-[disabled=true]:cursor-not-allowed before:bg-default/60 data-[selected=true]:text-default-foreground group-data-[odd=true]:before:bg-default-100 group-data-[odd=true]:before:opacity-100 group-data-[odd=true]:before:-z-10 first:before:rounded-l-lg rtl:first:before:rounded-r-lg rtl:first:before:rounded-l-[unset] last:before:rounded-r-lg rtl:last:before:rounded-l-lg rtl:last:before:rounded-r-[unset] text-start group-data-[odd=true]:data-[selected=true]:before:bg-default/60 flex gap-2"
                  data-key="Tim.3"
                  role="gridcell"
                  tabindex="-1"
                >
                  <span
                    class="flex relative justify-center items-center box-border overflow-hidden align-middle z-0 outline-none data-[focus-visible=true]:z-10 data-[focus-visible=true]:outline-2 data-[focus-visible=true]:outline-focus data-[focus-visible=true]:outline-offset-2 w-10 h-10 text-tiny bg-default text-default-foreground rounded-full"
                    tabindex="-1"
                  >
                    <img
                      alt="avatar"
                      class="flex object-cover w-full h-full transition-opacity !duration-500 opacity-0 data-[loaded=true]:opacity-100"
                      src="/doctor2.jpeg"
                    />
                  </span>
                  <div
                    class="flex items-center"
                  >
                    <p>
                      Dr Freddy
                    </p>
                  </div>
                </td>
                <td
                  class="py-2 px-3 relative align-middle whitespace-normal text-small font-normal [&>*]:z-1 [&>*]:relative outline-none data-[focus-visible=true]:z-10 data-[focus-visible=true]:outline-2 data-[focus-visible=true]:outline-focus data-[focus-visible=true]:outline-offset-2 before:content-[''] before:absolute before:z-0 before:inset-0 before:opacity-0 data-[selected=true]:before:opacity-100 group-data-[disabled=true]:text-foreground-300 group-data-[disabled=true]:cursor-not-allowed before:bg-default/60 data-[selected=true]:text-default-foreground group-data-[odd=true]:before:bg-default-100 group-data-[odd=true]:before:opacity-100 group-data-[odd=true]:before:-z-10 first:before:rounded-l-lg rtl:first:before:rounded-r-lg rtl:first:before:rounded-l-[unset] last:before:rounded-r-lg rtl:last:before:rounded-l-lg rtl:last:before:rounded-r-[unset] text-start group-data-[odd=true]:data-[selected=true]:before:bg-default/60"
                  data-key="Tim.4"
                  role="gridcell"
                  tabindex="-1"
                >
                  <a
                    class="relative inline-flex items-center tap-highlight-transparent outline-none data-[focus-visible=true]:z-10 data-[focus-visible=true]:outline-2 data-[focus-visible=true]:outline-focus data-[focus-visible=true]:outline-offset-2 no-underline hover:opacity-80 active:opacity-disabled transition-opacity text-sky-500 text-sm pr-2"
                    role="link"
                    tabindex="0"
                  >
                    Schedule
                  </a>
                  <a
                    class="relative inline-flex items-center tap-highlight-transparent outline-none data-[focus-visible=true]:z-10 data-[focus-visible=true]:outline-2 data-[focus-visible=true]:outline-focus data-[focus-visible=true]:outline-offset-2 no-underline hover:opacity-80 active:opacity-disabled transition-opacity text-gray-600 text-sm"
                    role="link"
                    tabindex="0"
                  >
                    Cancel
                  </a>
                </td>
              </tr>
              <tr
                aria-labelledby="react-aria-:r0:-Jim-$.0"
                class="group outline-none data-[focus-visible=true]:z-10 data-[focus-visible=true]:outline-2 data-[focus-visible=true]:outline-focus data-[focus-visible=true]:outline-offset-2"
                data-key="Jim"
                data-last="true"
                data-odd="true"
                role="row"
                tabindex="-1"
              >
                <td
                  class="py-2 px-3 relative align-middle whitespace-normal text-small font-normal [&>*]:z-1 [&>*]:relative outline-none data-[focus-visible=true]:z-10 data-[focus-visible=true]:outline-2 data-[focus-visible=true]:outline-focus data-[focus-visible=true]:outline-offset-2 before:content-[''] before:absolute before:z-0 before:inset-0 before:opacity-0 data-[selected=true]:before:opacity-100 group-data-[disabled=true]:text-foreground-300 group-data-[disabled=true]:cursor-not-allowed before:bg-default/60 data-[selected=true]:text-default-foreground group-data-[odd=true]:before:bg-default-100 group-data-[odd=true]:before:opacity-100 group-data-[odd=true]:before:-z-10 first:before:rounded-l-lg rtl:first:before:rounded-r-lg rtl:first:before:rounded-l-[unset] last:before:rounded-r-lg rtl:last:before:rounded-l-lg rtl:last:before:rounded-r-[unset] text-start group-data-[odd=true]:data-[selected=true]:before:bg-default/60"
                  data-key="Jim.0"
                  id="react-aria-:r0:-Jim-$.0"
                  role="rowheader"
                  tabindex="-1"
                >
                  <span>
                    Jim
                  </span>
                </td>
                <td
                  class="py-2 px-3 relative align-middle whitespace-normal text-small font-normal [&>*]:z-1 [&>*]:relative outline-none data-[focus-visible=true]:z-10 data-[focus-visible=true]:outline-2 data-[focus-visible=true]:outline-focus data-[focus-visible=true]:outline-offset-2 before:content-[''] before:absolute before:z-0 before:inset-0 before:opacity-0 data-[selected=true]:before:opacity-100 group-data-[disabled=true]:text-foreground-300 group-data-[disabled=true]:cursor-not-allowed before:bg-default/60 data-[selected=true]:text-default-foreground group-data-[odd=true]:before:bg-default-100 group-data-[odd=true]:before:opacity-100 group-data-[odd=true]:before:-z-10 first:before:rounded-l-lg rtl:first:before:rounded-r-lg rtl:first:before:rounded-l-[unset] last:before:rounded-r-lg rtl:last:before:rounded-l-lg rtl:last:before:rounded-r-[unset] text-start group-data-[odd=true]:data-[selected=true]:before:bg-default/60"
                  data-key="Jim.1"
                  role="gridcell"
                  tabindex="-1"
                >
                  <span>
                    Jan 21, 2024
                  </span>
                </td>
                <td
                  class="py-2 px-3 relative align-middle whitespace-normal text-small font-normal [&>*]:z-1 [&>*]:relative outline-none data-[focus-visible=true]:z-10 data-[focus-visible=true]:outline-2 data-[focus-visible=true]:outline-focus data-[focus-visible=true]:outline-offset-2 before:content-[''] before:absolute before:z-0 before:inset-0 before:opacity-0 data-[selected=true]:before:opacity-100 group-data-[disabled=true]:text-foreground-300 group-data-[disabled=true]:cursor-not-allowed before:bg-default/60 data-[selected=true]:text-default-foreground group-data-[odd=true]:before:bg-default-100 group-data-[odd=true]:before:opacity-100 group-data-[odd=true]:before:-z-10 first:before:rounded-l-lg rtl:first:before:rounded-r-lg rtl:first:before:rounded-l-[unset] last:before:rounded-r-lg rtl:last:before:rounded-l-lg rtl:last:before:rounded-r-[unset] text-start group-data-[odd=true]:data-[selected=true]:before:bg-default/60"
                  data-key="Jim.2"
                  role="gridcell"
                  tabindex="-1"
                >
                  <div
                    class="relative max-w-fit min-w-min inline-flex items-center justify-between box-border whitespace-nowrap px-1 h-7 rounded-full bg-success/20 text-success-600 dark:text-success text-xs"
                  >
                    <svg
                      class="max-h-[80%]"
                      fill="currentColor"
                      height="1em"
                      stroke="currentColor"
                      stroke-width="0"
                      viewBox="0 0 512 512"
                      width="1em"
                      xmlns="http://www.w3.org/2000/svg"
                    >
                      <path
                        d="M173.898 439.404l-166.4-166.4c-9.997-9.997-9.997-26.206 0-36.204l36.203-36.204c9.997-9.998 26.207-9.998 36.204 0L192 312.69 432.095 72.596c9.997-9.997 26.207-9.997 36.204 0l36.203 36.204c9.997 9.997 9.997 26.206 0 36.204l-294.4 294.401c-9.998 9.997-26.207 9.997-36.204-.001z"
                      />
                    </svg>
                    <span
                      class="flex-1 text-inherit font-normal px-2 pl-1"
                    >
                      scheduled
                    </span>
                  </div>
                </td>
                <td
                  class="py-2 px-3 relative align-middle whitespace-normal text-small font-normal [&>*]:z-1 [&>*]:relative outline-none data-[focus-visible=true]:z-10 data-[focus-visible=true]:outline-2 data-[focus-visible=true]:outline-focus data-[focus-visible=true]:outline-offset-2 before:content-[''] before:absolute before:z-0 before:inset-0 before:opacity-0 data-[selected=true]:before:opacity-100 group-data-[disabled=true]:text-foreground-300 group-data-[disabled=true]:cursor-not-allowed before:bg-default/60 data-[selected=true]:text-default-foreground group-data-[odd=true]:before:bg-default-100 group-data-[odd=true]:before:opacity-100 group-data-[odd=true]:before:-z-10 first:before:rounded-l-lg rtl:first:before:rounded-r-lg rtl:first:before:rounded-l-[unset] last:before:rounded-r-lg rtl:last:before:rounded-l-lg rtl:last:before:rounded-r-[unset] text-start group-data-[odd=true]:data-[selected=true]:before:bg-default/60 flex gap-2"
                  data-key="Jim.3"
                  role="gridcell"
                  tabindex="-1"
                >
                  <span
                    class="flex relative justify-center items-center box-border overflow-hidden align-middle z-0 outline-none data-[focus-visible=true]:z-10 data-[focus-visible=true]:outline-2 data-[focus-visible=true]:outline-focus data-[focus-visible=true]:outline-offset-2 w-10 h-10 text-tiny bg-default text-default-foreground rounded-full"
                    tabindex="-1"
                  >
                    <img
                      alt="avatar"
                      class="flex object-cover w-full h-full transition-opacity !duration-500 opacity-0 data-[loaded=true]:opacity-100"
                      src="/doc.jpeg"
                    />
                  </span>
                  <div
                    class="flex items-center"
                  >
                    <p>
                      Dr Mosh
                    </p>
                  </div>
                </td>
                <td
                  class="py-2 px-3 relative align-middle whitespace-normal text-small font-normal [&>*]:z-1 [&>*]:relative outline-none data-[focus-visible=true]:z-10 data-[focus-visible=true]:outline-2 data-[focus-visible=true]:outline-focus data-[focus-visible=true]:outline-offset-2 before:content-[''] before:absolute before:z-0 before:inset-0 before:opacity-0 data-[selected=true]:before:opacity-100 group-data-[disabled=true]:text-foreground-300 group-data-[disabled=true]:cursor-not-allowed before:bg-default/60 data-[selected=true]:text-default-foreground group-data-[odd=true]:before:bg-default-100 group-data-[odd=true]:before:opacity-100 group-data-[odd=true]:before:-z-10 first:before:rounded-l-lg rtl:first:before:rounded-r-lg rtl:first:before:rounded-l-[unset] last:before:rounded-r-lg rtl:last:before:rounded-l-lg rtl:last:before:rounded-r-[unset] text-start group-data-[odd=true]:data-[selected=true]:before:bg-default/60"
                  data-key="Jim.4"
                  role="gridcell"
                  tabindex="-1"
                >
                  <a
                    class="relative inline-flex items-center tap-highlight-transparent outline-none data-[focus-visible=true]:z-10 data-[focus-visible=true]:outline-2 data-[focus-visible=true]:outline-focus data-[focus-visible=true]:outline-offset-2 no-underline hover:opacity-80 active:opacity-disabled transition-opacity text-sky-500 text-sm pr-2"
                    role="link"
                    tabindex="0"
                  >
                    Schedule
                  </a>
                  <a
                    class="relative inline-flex items-center tap-highlight-transparent outline-none data-[focus-visible=true]:z-10 data-[focus-visible=true]:outline-2 data-[focus-visible=true]:outline-focus data-[focus-visible=true]:outline-offset-2 no-underline hover:opacity-80 active:opacity-disabled transition-opacity text-gray-600 text-sm"
                    role="link"
                    tabindex="0"
                  >
                    Cancel
                  </a>
                </td>
              </tr>
            </tbody>
          </table>
          <div
            class="flex w-full justify-center customPaginator"
          >
            <nav
              aria-label="pagination navigation"
              class="p-2.5 -m-2.5 overflow-x-scroll scrollbar-hide"
              data-active-page="1"
              data-controls="true"
              data-dots-jump="5"
              data-slot="base"
              data-total="2"
              role="navigation"
            >
              <ul
                class="flex flex-nowrap h-fit max-w-fit relative items-center overflow-visible gap-0 shadow-sm rounded-medium"
                data-slot="wrapper"
              >
                <span
                  aria-hidden="true"
                  class="absolute flex overflow-visible items-center justify-center origin-center left-0 select-none touch-none pointer-events-none z-20 data-[moving=true]:transition-transform !data-[moving=true]:duration-300 opacity-0 data-[moving]:opacity-100 shadow-primary/40 bg-primary text-primary-foreground shadow-md min-w-9 w-9 h-9 text-small rounded-medium"
                  data-moving="false"
                  data-slot="cursor"
                  style="transform: translateX(0px) scale(1);"
                >
                  1
                </span>
                <li
                  aria-disabled="true"
                  aria-label="previous page button"
                  class="!rounded-r-none flex flex-wrap truncate box-border items-center justify-center text-default-foreground outline-none data-[focus-visible=true]:z-10 data-[focus-visible=true]:outline-2 data-[focus-visible=true]:outline-focus data-[focus-visible=true]:outline-offset-2 data-[disabled=true]:text-default-300 data-[disabled=true]:pointer-events-none shadow-sm bg-default-100 [&[data-hover=true]:not([data-active=true])]:bg-default-200 active:bg-default-300 min-w-9 w-9 h-9 text-small rounded-medium"
                  data-disabled="true"
                  data-slot="prev"
                  role="button"
                  tabindex="-1"
                >
                  <svg
                    aria-hidden="true"
                    fill="none"
                    focusable="false"
                    height="1em"
                    role="presentation"
                    viewBox="0 0 24 24"
                    width="1em"
                  >
                    <path
                      d="M15.5 19l-7-7 7-7"
                      stroke="currentColor"
                      stroke-linecap="round"
                      stroke-linejoin="round"
                      stroke-width="1.5"
                    />
                  </svg>
                </li>
                <li
                  aria-current="true"
                  aria-label="pagination item 1 active"
                  class="tap-highlight-transparent select-none touch-none first-of-type:rounded-r-none last-of-type:rounded-l-none [&:not(:first-of-type):not(:last-of-type)]:rounded-none data-[pressed=true]:scale-[0.97] transition-transform-background flex flex-wrap truncate box-border items-center justify-center text-default-foreground outline-none data-[focus-visible=true]:z-10 data-[focus-visible=true]:outline-2 data-[focus-visible=true]:outline-focus data-[focus-visible=true]:outline-offset-2 data-[disabled=true]:text-default-300 data-[disabled=true]:pointer-events-none shadow-sm bg-default-100 [&[data-hover=true]:not([data-active=true])]:bg-default-200 active:bg-default-300 min-w-9 w-9 h-9 text-small rounded-medium"
                  data-active="true"
                  data-slot="item"
                  role="button"
                  tabindex="0"
                >
                  1
                </li>
                <li
                  aria-label="pagination item 2"
                  class="tap-highlight-transparent select-none touch-none first-of-type:rounded-r-none last-of-type:rounded-l-none [&:not(:first-of-type):not(:last-of-type)]:rounded-none data-[pressed=true]:scale-[0.97] transition-transform-background flex flex-wrap truncate box-border items-center justify-center text-default-foreground outline-none data-[focus-visible=true]:z-10 data-[focus-visible=true]:outline-2 data-[focus-visible=true]:outline-focus data-[focus-visible=true]:outline-offset-2 data-[disabled=true]:text-default-300 data-[disabled=true]:pointer-events-none shadow-sm bg-default-100 [&[data-hover=true]:not([data-active=true])]:bg-default-200 active:bg-default-300 min-w-9 w-9 h-9 text-small rounded-medium"
                  data-slot="item"
                  role="button"
                  tabindex="0"
                >
                  2
                </li>
                <li
                  aria-label="next page button"
                  class="!rounded-l-none flex flex-wrap truncate box-border items-center justify-center text-default-foreground outline-none data-[focus-visible=true]:z-10 data-[focus-visible=true]:outline-2 data-[focus-visible=true]:outline-focus data-[focus-visible=true]:outline-offset-2 data-[disabled=true]:text-default-300 data-[disabled=true]:pointer-events-none shadow-sm bg-default-100 [&[data-hover=true]:not([data-active=true])]:bg-default-200 active:bg-default-300 min-w-9 w-9 h-9 text-small rounded-medium"
                  data-slot="next"
                  role="button"
                  tabindex="0"
                >
                  <svg
                    aria-hidden="true"
                    class="rotate-180"
                    fill="none"
                    focusable="false"
                    height="1em"
                    role="presentation"
                    viewBox="0 0 24 24"
                    width="1em"
                  >
                    <path
                      d="M15.5 19l-7-7 7-7"
                      stroke="currentColor"
                      stroke-linecap="round"
                      stroke-linejoin="round"
                      stroke-width="1.5"
                    />
                  </svg>
                </li>
              </ul>
            </nav>
          </div>
        </div>
      </div>
      <div />
    </div>
  </div>
</DocumentFragment>
`;
